root@server:~/바탕화면# adduser --shell /bin/csh ubuntu6
'ubuntu6' 사용자를 추가 중...
새 그룹 'ubuntu6' (1003) 추가 ...
새 사용자 'ubuntu6' (1004) 을(를) 그룹 'ubuntu6' (으)로 추가 ...
useradd: Warning: missing or non-executable shell '/bin/csh'
'/home/ubuntu6' 홈 디렉터리를 생성하는 중...
'/etc/skel'에서 파일들을 복사하는 중...
새 암호: 
잘못된 비밀번호: 암호는 8 개의 문자 보다 짧습니다
새 암호 재입력: 
passwd: 암호를 성공적으로 업데이트했습니다
ubuntu6의 사용자의 정보를 바꿉니다
새로운 값을 넣거나, 기본값을 원하시면 엔터를 치세요
	이름 []: 
	방 번호 []: 
	직장 전화번호 []: 
	집 전화번호 []: 
	기타 []: 
정보가 올바릅니까? [Y/n] y
root@server:~/바탕화면# login
server 로그인: ubuntu6
암호: 
Welcome to Ubuntu 22.04.2 LTS (GNU/Linux 5.19.0-35-generic x86_64)

 * Documentation:  https://help.ubuntu.com
 * Management:     https://landscape.canonical.com
 * Support:        https://ubuntu.com/advantage

 * Introducing Expanded Security Maintenance for Applications.
   Receive updates to over 25,000 software packages with your
   Ubuntu Pro subscription. Free for personal use.

     https://ubuntu.com/pro

Expanded Security Maintenance for Applications is not enabled.

0 updates can be applied immediately.

Enable ESM Apps to receive additional future security updates.
See https://ubuntu.com/esm or run: sudo pro status


The list of available updates is more than a week old.
To check for new updates run: sudo apt update

The programs included with the Ubuntu system are free software;
the exact distribution terms for each program are described in the
individual files in /usr/share/doc/*/copyright.

Ubuntu comes with ABSOLUTELY NO WARRANTY, to the extent permitted by
applicable law.

/bin/csh을(를) 실행할 수 없습니다: 그런 파일이나 디렉터리가 없습니다
root@server:~/바탕화면# tail /etc/passwd
pulse:x:125:132:PulseAudio daemon,,,:/run/pulse:/usr/sbin/nologin
gnome-initial-setup:x:126:65534::/run/gnome-initial-setup/:/bin/false
hplip:x:127:7:HPLIP system user,,,:/run/hplip:/bin/false
gdm:x:128:134:Gnome Display Manager:/var/lib/gdm3:/bin/false
ubuntu:x:1000:1000:ubuntu,,,:/home/ubuntu:/bin/bash
ubuntu2:x:1001:1001:Ubuntu1,509,02-222-2222,02-999-9999,student:/home/ubuntu2:/bin/bash
ubuntu3:x:3333:3333:Ubuntu3,,,:/home/ubuntu3:/bin/bash
ubuntu4:x:1002:1000:,,,:/home/ubuntu4:/bin/bash
ubuntu5:x:1003:1002:,,,:/newhome:/bin/bash
ubuntu6:x:1004:1003:,,,:/home/ubuntu6:/bin/csh
root@server:~/바탕화면# tail /etc/group
pulse:x:132:
pulse-access:x:133:
gdm:x:134:
lxd:x:135:ubuntu
ubuntu:x:1000:
sambashare:x:136:ubuntu
ubuntu2:x:1001:
ubuntu3:x:3333:
ubuntu5:x:1002:
ubuntu6:x:1003:
root@server:~/바탕화면# passwd ubuntu2
새 암호: 
잘못된 비밀번호: 암호가 앞뒤 어느쪽에서 읽어도 같은 문맥입니다
새 암호 재입력: 
passwd: 암호를 성공적으로 업데이트했습니다
root@server:~/바탕화면# login
server 로그인: ubuntu2
암호: 
Welcome to Ubuntu 22.04.2 LTS (GNU/Linux 5.19.0-35-generic x86_64)

 * Documentation:  https://help.ubuntu.com
 * Management:     https://landscape.canonical.com
 * Support:        https://ubuntu.com/advantage

 * Introducing Expanded Security Maintenance for Applications.
   Receive updates to over 25,000 software packages with your
   Ubuntu Pro subscription. Free for personal use.

     https://ubuntu.com/pro

Expanded Security Maintenance for Applications is not enabled.

0 updates can be applied immediately.

Enable ESM Apps to receive additional future security updates.
See https://ubuntu.com/esm or run: sudo pro status


The list of available updates is more than a week old.
To check for new updates run: sudo apt update

The programs included with the Ubuntu system are free software;
the exact distribution terms for each program are described in the
individual files in /usr/share/doc/*/copyright.

Ubuntu comes with ABSOLUTELY NO WARRANTY, to the extent permitted by
applicable law.

ubuntu2@server:~$ logout
root@server:~/바탕화면# usermod --shell /bin/csh ubuntu2
root@server:~/바탕화면# usermod --groups poly_prof ubuntu2
usermod: 'poly_prof' 그룹이 없습니다
root@server:~/바탕화면# usermod -- groups ubuntu ubuntu2
Usage: usermod [options] LOGIN

Options:
  -b, --badnames                allow bad names
  -c, --comment COMMENT         new value of the GECOS field
  -d, --home HOME_DIR           new home directory for the user account
  -e, --expiredate EXPIRE_DATE  set account expiration date to EXPIRE_DATE
  -f, --inactive INACTIVE       set password inactive after expiration
                                to INACTIVE
  -g, --gid GROUP               force use GROUP as new primary group
  -G, --groups GROUPS           new list of supplementary GROUPS
  -a, --append                  append the user to the supplemental GROUPS
                                mentioned by the -G option without removing
                                the user from other groups
  -h, --help                    display this help message and exit
  -l, --login NEW_LOGIN         new value of the login name
  -L, --lock                    lock the user account
  -m, --move-home               move contents of the home directory to the
                                new location (use only with -d)
  -o, --non-unique              allow using duplicate (non-unique) UID
  -p, --password PASSWORD       use encrypted password for the new password
  -R, --root CHROOT_DIR         directory to chroot into
  -P, --prefix PREFIX_DIR       prefix directory where are located the /etc/* files
  -s, --shell SHELL             new login shell for the user account
  -u, --uid UID                 new UID for the user account
  -U, --unlock                  unlock the user account
  -v, --add-subuids FIRST-LAST  add range of subordinate uids
  -V, --del-subuids FIRST-LAST  remove range of subordinate uids
  -w, --add-subgids FIRST-LAST  add range of subordinate gids
  -W, --del-subgids FIRST-LAST  remove range of subordinate gids
  -Z, --selinux-user SEUSER     new SELinux user mapping for the user account

root@server:~/바탕화면# usermod --groups ubuntu ubuntu2
root@server:~/바탕화면# tail /etc/group
pulse:x:132:
pulse-access:x:133:
gdm:x:134:
lxd:x:135:ubuntu
ubuntu:x:1000:ubuntu2
sambashare:x:136:ubuntu
ubuntu2:x:1001:
ubuntu3:x:3333:
ubuntu5:x:1002:
ubuntu6:x:1003:
root@server:~/바탕화면# tail /etc/passwd
pulse:x:125:132:PulseAudio daemon,,,:/run/pulse:/usr/sbin/nologin
gnome-initial-setup:x:126:65534::/run/gnome-initial-setup/:/bin/false
hplip:x:127:7:HPLIP system user,,,:/run/hplip:/bin/false
gdm:x:128:134:Gnome Display Manager:/var/lib/gdm3:/bin/false
ubuntu:x:1000:1000:ubuntu,,,:/home/ubuntu:/bin/bash
ubuntu2:x:1001:1001:Ubuntu1,509,02-222-2222,02-999-9999,student:/home/ubuntu2:/bin/csh
ubuntu3:x:3333:3333:Ubuntu3,,,:/home/ubuntu3:/bin/bash
ubuntu4:x:1002:1000:,,,:/home/ubuntu4:/bin/bash
ubuntu5:x:1003:1002:,,,:/newhome:/bin/bash
ubuntu6:x:1004:1003:,,,:/home/ubuntu6:/bin/csh
root@server:~/바탕화면# etc /passwd
명령어 'etc' 을(를) 찾을 수 없습니다. 다음 명령어로 시도하시겠습니까:
  snap dtcdevice-tree-compiler의 명령어 ' (1.6.1)'
  deb atcbsdgames의 명령어 ' (2.17-29)'
  deb dtcdevice-tree-compiler의 명령어 ' (1.6.1-1)'
  deb etrextremetuxracer의 명령어 ' (0.8.1-1)'
  deb htchttptunnel의 명령어 ' (3.3+dfsg-4)'
  deb etaeta의 명령어 ' (1.0.1-1)'
  deb rtcnvram-wakeup의 명령어 ' (1.1-4build1)'
  deb etmetm의 명령어 ' (3.2.30-1.1)'
  deb tciproute2의 명령어 ' (5.15.0-1ubuntu2)'
  deb etwetw의 명령어 ' (3.6+svn162-6)'
  deb etcdetcd-server의 명령어 ' (3.3.25+dfsg-7ubuntu0.22.04.1)'
'snap info <snapname>'에서 추가 버전을 확인하십시오.
root@server:~/바탕화면# /etc/passwd
bash: /etc/passwd: 허가 거부
root@server:~/바탕화면# nano /etc/passwd
root@server:~/바탕화면# ls /home
ubuntu  ubuntu2  ubuntu3  ubuntu4  ubuntu6
root@server:~/바탕화면# ls /
apple  cdrom  home   lib64       media  newhome  root  snap      sys  var
bin    dev    lib    libx32      melon  opt      run   srv       tmp
boot   etc    lib32  lost+found  mnt    proc     sbin  swapfile  usr
root@server:~/바탕화면# userdel -r ubuntu6
userdel: ubuntu6 mail spool (/var/mail/ubuntu6) not found
root@server:~/바탕화면# ls /home
ubuntu  ubuntu2  ubuntu3  ubuntu4
root@server:~/바탕화면# nano /etc/passwd
root@server:~/바탕화면# 