root@server:~/바탕화면# dpkg -l telnetd
dpkg-query: telnetd와 일치하는 패키지를 찾지 못했습니다
root@server:~/바탕화면# cd
root@server:~# dpkg -l telnetd
dpkg-query: telnetd와 일치하는 패키지를 찾지 못했습니다
root@server:~# apt-get -y install xinetd telnetd
패키지 목록을 읽는 중입니다... 완료
의존성 트리를 만드는 중입니다... 완료
상태 정보를 읽는 중입니다... 완료        
다음 새 패키지를 설치할 것입니다:
  telnetd xinetd
0개 업그레이드, 2개 새로 설치, 0개 제거 및 0개 업그레이드 안 함.
147 k바이트 아카이브를 받아야 합니다.
이 작업 후 420 k바이트의 디스크 공간을 더 사용하게 됩니다.
받기:1 https://mirrors.edge.kernel.org/ubuntu bionic/universe amd64 xinetd amd64 1:2.3.15.3-1 [108 kB]
받기:2 https://mirrors.edge.kernel.org/ubuntu bionic/universe amd64 telnetd amd64 0.17-41 [39.3 kB]
내려받기 147 k바이트, 소요시간 2초 (62.4 k바이트/초)
Selecting previously unselected package xinetd.
(데이터베이스 읽는중 ...현재 202656개의 파일과 디렉터리가 설치되어 있습니다.)
Preparing to unpack .../xinetd_1%3a2.3.15.3-1_amd64.deb ...
Unpacking xinetd (1:2.3.15.3-1) ...
Selecting previously unselected package telnetd.
Preparing to unpack .../telnetd_0.17-41_amd64.deb ...
Unpacking telnetd (0.17-41) ...
xinetd (1:2.3.15.3-1) 설정하는 중입니다 ...
telnetd (0.17-41) 설정하는 중입니다 ...
사용자 telnetd을(를) utmp 그룹에 등록 중
Note: xinetd currently is not fully supported by update-inetd.
Please consult /usr/share/doc/xinetd/README.Debian and itox(8).
update-inetd: warning: cannot add service, /etc/inetd.conf does not exist
Processing triggers for man-db (2.10.2-1) ...
root@server:~# cd /etc/xinetd.d
root@server:/etc/xinetd.d# nano telnet
root@server:/etc/xinetd.d# adduser teluser
'teluser' 사용자를 추가 중...
새 그룹 'teluser' (1004) 추가 ...
새 사용자 'teluser' (1006) 을(를) 그룹 'teluser' (으)로 추가 ...
'/home/teluser' 홈 디렉터리를 생성하는 중...
'/etc/skel'에서 파일들을 복사하는 중...
새 암호: 
잘못된 비밀번호: 암호는 8 개의 문자 보다 짧습니다
새 암호 재입력: 
passwd: 암호를 성공적으로 업데이트했습니다
teluser의 사용자의 정보를 바꿉니다
새로운 값을 넣거나, 기본값을 원하시면 엔터를 치세요
	이름 []: 
	방 번호 []: 
	직장 전화번호 []: 
	집 전화번호 []: 
	기타 []: 
정보가 올바릅니까? [Y/n] y
root@server:/etc/xinetd.d# systemctl restart xinetd
root@server:/etc/xinetd.d# systemctl enable xinetd
xinetd.service is not a native service, redirecting to systemd-sysv-install.
Executing: /lib/systemd/systemd-sysv-install enable xinetd
root@server:/etc/xinetd.d# systemctl status xinetd
● xinetd.service - LSB: Starts or stops the xinetd daemon.
     Loaded: loaded (/etc/init.d/xinetd; generated)
     Active: active (running) since Tue 2023-05-30 09:39:52 KST; 53s ago
       Docs: man:systemd-sysv-generator(8)
      Tasks: 1 (limit: 4575)
     Memory: 492.0K
        CPU: 75ms
     CGroup: /system.slice/xinetd.service
             └─2569 /usr/sbin/xinetd -pidfile /run/xinetd.pid -stayalive -inetd>

 5월 30 09:39:52 server xinetd[2569]: Reading included configuration file: /etc>
 5월 30 09:39:52 server xinetd[2569]: Reading included configuration file: /etc>
 5월 30 09:39:52 server xinetd[2569]: Reading included configuration file: /etc>
 5월 30 09:39:52 server xinetd[2569]: Reading included configuration file: /etc>
 5월 30 09:39:52 server xinetd[2569]: Reading included configuration file: /etc>
 5월 30 09:39:52 server xinetd[2569]: Reading included configuration file: /etc>
 5월 30 09:39:52 server xinetd[2569]: Reading included configuration file: /etc>
 5월 30 09:39:52 server xinetd[2569]: Reading included configuration file: /etc>
 5월 30 09:39:52 server xinetd[2569]: 2.3.15.3 started with libwrap loadavg lab>
 5월 30 09:39:52 server xinetd[2569]: Started working: 1 available service
root@server:/etc/xinetd.d# ufw allow 23/tcp
규칙이 추가되었습니다
규칙이 추가되었습니다 (v6)
root@server:/etc/xinetd.d# ifconfig
ens33: flags=4163<UP,BROADCAST,RUNNING,MULTICAST>  mtu 1500
        inet 192.168.169.128  netmask 255.255.255.0  broadcast 192.168.169.255
        inet6 fe80::ed98:a5d8:197f:3140  prefixlen 64  scopeid 0x20<link>
        ether 00:0c:29:04:0e:cd  txqueuelen 1000  (Ethernet)
        RX packets 26157  bytes 38933535 (38.9 MB)
        RX errors 0  dropped 0  overruns 0  frame 0
        TX packets 2996  bytes 217472 (217.4 KB)
        TX errors 0  dropped 0 overruns 0  carrier 0  collisions 0

lo: flags=73<UP,LOOPBACK,RUNNING>  mtu 65536
        inet 127.0.0.1  netmask 255.0.0.0
        inet6 ::1  prefixlen 128  scopeid 0x10<host>
        loop  txqueuelen 1000  (Local Loopback)
        RX packets 149  bytes 13357 (13.3 KB)
        RX errors 0  dropped 0  overruns 0  frame 0
        TX packets 149  bytes 13357 (13.3 KB)
        TX errors 0  dropped 0 overruns 0  carrier 0  collisions 0

root@server:/etc/xinetd.d# telnet 192.168.169.128
Trying 192.168.169.128...
Connected to 192.168.169.128.
Escape character is '^]'.
Ubuntu 22.04.2 LTS
server login: teluser
Password: 
Welcome to Ubuntu 22.04.2 LTS (GNU/Linux 5.19.0-35-generic x86_64)

 * Documentation:  https://help.ubuntu.com
 * Management:     https://landscape.canonical.com
 * Support:        https://ubuntu.com/advantage

 * Introducing Expanded Security Maintenance for Applications.
   Receive updates to over 25,000 software packages with your
   Ubuntu Pro subscription. Free for personal use.

     https://ubuntu.com/pro

Expanded Security Maintenance for Applications is not enabled.

0 updates can be applied immediately.

Enable ESM Apps to receive additional future security updates.
See https://ubuntu.com/esm or run: sudo pro status


The programs included with the Ubuntu system are free software;
the exact distribution terms for each program are described in the
individual files in /usr/share/doc/*/copyright.

Ubuntu comes with ABSOLUTELY NO WARRANTY, to the extent permitted by
applicable law.

teluser@server:~$ whoami
teluser
teluser@server:~$ exit
로그아웃
Connection closed by foreign host.
root@server:/etc/xinetd.d# 
