root@server:~/바탕화면# dpkg -l telnetd
dpkg-query: telnetd와 일치하는 패키지를 찾지 못했습니다
root@server:~/바탕화면# cd
root@server:~# dpkg -l telnetd
dpkg-query: telnetd와 일치하는 패키지를 찾지 못했습니다
root@server:~# apt-get -y install xinetd telnetd
패키지 목록을 읽는 중입니다... 완료
의존성 트리를 만드는 중입니다... 완료
상태 정보를 읽는 중입니다... 완료        
다음 새 패키지를 설치할 것입니다:
  telnetd xinetd
0개 업그레이드, 2개 새로 설치, 0개 제거 및 0개 업그레이드 안 함.
147 k바이트 아카이브를 받아야 합니다.
이 작업 후 420 k바이트의 디스크 공간을 더 사용하게 됩니다.
받기:1 https://mirrors.edge.kernel.org/ubuntu bionic/universe amd64 xinetd amd64 1:2.3.15.3-1 [108 kB]
받기:2 https://mirrors.edge.kernel.org/ubuntu bionic/universe amd64 telnetd amd64 0.17-41 [39.3 kB]
내려받기 147 k바이트, 소요시간 2초 (62.4 k바이트/초)
Selecting previously unselected package xinetd.
(데이터베이스 읽는중 ...현재 202656개의 파일과 디렉터리가 설치되어 있습니다.)
Preparing to unpack .../xinetd_1%3a2.3.15.3-1_amd64.deb ...
Unpacking xinetd (1:2.3.15.3-1) ...
Selecting previously unselected package telnetd.
Preparing to unpack .../telnetd_0.17-41_amd64.deb ...
Unpacking telnetd (0.17-41) ...
xinetd (1:2.3.15.3-1) 설정하는 중입니다 ...
telnetd (0.17-41) 설정하는 중입니다 ...
사용자 telnetd을(를) utmp 그룹에 등록 중
Note: xinetd currently is not fully supported by update-inetd.
Please consult /usr/share/doc/xinetd/README.Debian and itox(8).
update-inetd: warning: cannot add service, /etc/inetd.conf does not exist
Processing triggers for man-db (2.10.2-1) ...
root@server:~# cd /etc/xinetd.d
root@server:/etc/xinetd.d# nano telnet
root@server:/etc/xinetd.d# adduser teluser
'teluser' 사용자를 추가 중...
새 그룹 'teluser' (1004) 추가 ...
새 사용자 'teluser' (1006) 을(를) 그룹 'teluser' (으)로 추가 ...
'/home/teluser' 홈 디렉터리를 생성하는 중...
'/etc/skel'에서 파일들을 복사하는 중...
새 암호: 
잘못된 비밀번호: 암호는 8 개의 문자 보다 짧습니다
새 암호 재입력: 
passwd: 암호를 성공적으로 업데이트했습니다
teluser의 사용자의 정보를 바꿉니다
새로운 값을 넣거나, 기본값을 원하시면 엔터를 치세요
	이름 []: 
	방 번호 []: 
	직장 전화번호 []: 
	집 전화번호 []: 
	기타 []: 
정보가 올바릅니까? [Y/n] y
root@server:/etc/xinetd.d# systemctl restart xinetd
root@server:/etc/xinetd.d# systemctl enable xinetd
xinetd.service is not a native service, redirecting to systemd-sysv-install.
Executing: /lib/systemd/systemd-sysv-install enable xinetd
root@server:/etc/xinetd.d# systemctl status xinetd
● xinetd.service - LSB: Starts or stops the xinetd daemon.
     Loaded: loaded (/etc/init.d/xinetd; generated)
     Active: active (running) since Tue 2023-05-30 09:39:52 KST; 53s ago
       Docs: man:systemd-sysv-generator(8)
      Tasks: 1 (limit: 4575)
     Memory: 492.0K
        CPU: 75ms
     CGroup: /system.slice/xinetd.service
             └─2569 /usr/sbin/xinetd -pidfile /run/xinetd.pid -stayalive -inetd>

 5월 30 09:39:52 server xinetd[2569]: Reading included configuration file: /etc>
 5월 30 09:39:52 server xinetd[2569]: Reading included configuration file: /etc>
 5월 30 09:39:52 server xinetd[2569]: Reading included configuration file: /etc>
 5월 30 09:39:52 server xinetd[2569]: Reading included configuration file: /etc>
 5월 30 09:39:52 server xinetd[2569]: Reading included configuration file: /etc>
 5월 30 09:39:52 server xinetd[2569]: Reading included configuration file: /etc>
 5월 30 09:39:52 server xinetd[2569]: Reading included configuration file: /etc>
 5월 30 09:39:52 server xinetd[2569]: Reading included configuration file: /etc>
 5월 30 09:39:52 server xinetd[2569]: 2.3.15.3 started with libwrap loadavg lab>
 5월 30 09:39:52 server xinetd[2569]: Started working: 1 available service
root@server:/etc/xinetd.d# ufw allow 23/tcp
규칙이 추가되었습니다
규칙이 추가되었습니다 (v6)
root@server:/etc/xinetd.d# ifconfig
ens33: flags=4163<UP,BROADCAST,RUNNING,MULTICAST>  mtu 1500
        inet 192.168.169.128  netmask 255.255.255.0  broadcast 192.168.169.255
        inet6 fe80::ed98:a5d8:197f:3140  prefixlen 64  scopeid 0x20<link>
        ether 00:0c:29:04:0e:cd  txqueuelen 1000  (Ethernet)
        RX packets 26157  bytes 38933535 (38.9 MB)
        RX errors 0  dropped 0  overruns 0  frame 0
        TX packets 2996  bytes 217472 (217.4 KB)
        TX errors 0  dropped 0 overruns 0  carrier 0  collisions 0

lo: flags=73<UP,LOOPBACK,RUNNING>  mtu 65536
        inet 127.0.0.1  netmask 255.0.0.0
        inet6 ::1  prefixlen 128  scopeid 0x10<host>
        loop  txqueuelen 1000  (Local Loopback)
        RX packets 149  bytes 13357 (13.3 KB)
        RX errors 0  dropped 0  overruns 0  frame 0
        TX packets 149  bytes 13357 (13.3 KB)
        TX errors 0  dropped 0 overruns 0  carrier 0  collisions 0

root@server:/etc/xinetd.d# telnet 192.168.169.128
Trying 192.168.169.128...
Connected to 192.168.169.128.
Escape character is '^]'.
Ubuntu 22.04.2 LTS
server login: teluser
Password: 
Welcome to Ubuntu 22.04.2 LTS (GNU/Linux 5.19.0-35-generic x86_64)

 * Documentation:  https://help.ubuntu.com
 * Management:     https://landscape.canonical.com
 * Support:        https://ubuntu.com/advantage

 * Introducing Expanded Security Maintenance for Applications.
   Receive updates to over 25,000 software packages with your
   Ubuntu Pro subscription. Free for personal use.

     https://ubuntu.com/pro

Expanded Security Maintenance for Applications is not enabled.

0 updates can be applied immediately.

Enable ESM Apps to receive additional future security updates.
See https://ubuntu.com/esm or run: sudo pro status


The programs included with the Ubuntu system are free software;
the exact distribution terms for each program are described in the
individual files in /usr/share/doc/*/copyright.

Ubuntu comes with ABSOLUTELY NO WARRANTY, to the extent permitted by
applicable law.

teluser@server:~$ whoami
teluser
teluser@server:~$ exit
로그아웃
Connection closed by foreign host.
root@server:/etc/xinetd.d# cat telnet
service telnet
{
	disable = no
	flags = REUSE
	socket_type = stream
	wait = no
	user = root
	server = /usr/sbin/in.telnetd
	log_on_failure += USERID
}
root@server:/etc/xinetd.d# cd ..
root@server:/etc# ls -l
합계 1156
drwxr-xr-x  3 root root    4096  2월 23 12:58 ModemManager
drwxr-xr-x  7 root root    4096  2월 23 12:59 NetworkManager
drwxr-xr-x  2 root root    4096  2월 23 12:59 PackageKit
drwxr-xr-x  2 root root    4096  2월 23 12:59 UPower
drwxr-xr-x 12 root root    4096  2월 23 13:00 X11
drwxr-xr-x  3 root root    4096  2월 23 12:59 acpi
-rw-r--r--  1 root root    3028  2월 23 12:57 adduser.conf
drwxr-xr-x  3 root root    4096  2월 23 12:58 alsa
drwxr-xr-x  2 root root    4096  5월 23 09:31 alternatives
-rw-r--r--  1 root root     335  3월 23  2022 anacrontab
-rw-r--r--  1 root root     433  3월 23  2022 apg.conf
drwxr-xr-x  5 root root    4096  2월 23 12:58 apm
drwxr-xr-x  3 root root    4096  2월 23 12:59 apparmor
drwxr-xr-x  7 root root    4096  3월 14 10:36 apparmor.d
drwxr-xr-x  4 root root    4096  2월 23 12:59 apport
-rw-r--r--  1 root root     769  2월 23  2022 appstream.conf
drwxr-xr-x  8 root root    4096  5월 23 10:29 apt
drwxr-xr-x  3 root root    4096  2월 23 12:59 avahi
-rw-r--r--  1 root root    2319  1월  7  2022 bash.bashrc
-rw-r--r--  1 root root      45 11월 12  2021 bash_completion
drwxr-xr-x  2 root root    4096  2월 23 12:59 bash_completion.d
-rw-r--r--  1 root root     367 12월 16  2020 bindresvport.blacklist
drwxr-xr-x  2 root root    4096  4월  8  2022 binfmt.d
drwxr-xr-x  2 root root    4096  2월 23 12:59 bluetooth
-rw-r-----  1 root root      33  2월 23 12:59 brlapi.key
drwxr-xr-x  7 root root    4096  2월 23 12:59 brltty
-rw-r--r--  1 root root   29219  6월 29  2022 brltty.conf
drwxr-xr-x  3 root root    4096  2월 23 12:57 ca-certificates
-rw-r--r--  1 root root    5532  2월 23 12:57 ca-certificates.conf
-rw-r--r--  1 root root    5529  2월 23 12:57 ca-certificates.conf.dpkg-old
drwxr-s---  2 root dip     4096  2월 23 12:59 chatscripts
drwxr-xr-x  2 root root    4096  3월 14 10:26 console-setup
drwxr-xr-x  2 root root    4096  2월 23 12:59 cracklib
drwxr-xr-x  2 root root    4096  3월 14 10:36 cron.d
drwxr-xr-x  2 root root    4096  5월 23 10:33 cron.daily
drwxr-xr-x  2 root root    4096  2월 23 12:57 cron.hourly
drwxr-xr-x  2 root root    4096  2월 23 12:59 cron.monthly
drwxr-xr-x  2 root root    4096  2월 23 12:59 cron.weekly
-rw-r--r--  1 root root    1136  3월 23  2022 crontab
drwxr-xr-x  5 root lp      4096  5월 30 10:22 cups
drwxr-xr-x  2 root root    4096  2월 23 12:59 cupshelpers
drwxr-xr-x  4 root root    4096  2월 23 12:57 dbus-1
drwxr-xr-x  4 root root    4096  2월 23 12:58 dconf
-rw-r--r--  1 root root    2969  2월 20  2022 debconf.conf
-rw-r--r--  1 root root      13  8월 23  2021 debian_version
drwxr-xr-x  3 root root    4096  5월 30 09:25 default
-rw-r--r--  1 root root     604  9월 16  2018 deluser.conf
drwxr-xr-x  2 root root    4096  2월 23 12:57 depmod.d
drwxr-xr-x  4 root root    4096  2월 23 12:57 dhcp
drwxr-xr-x  2 root root    4096  3월 14 10:36 dictionaries-common
drwxr-xr-x  4 root root    4096  2월 23 12:57 dpkg
-rw-r--r--  1 root root     685  1월  9  2022 e2scrub.conf
drwxr-xr-x  3 root root    4096  2월 23 12:58 emacs
-rw-r--r--  1 root root     106  2월 23 12:57 environment
drwxr-xr-x  2 root root    4096  2월 23 13:00 environment.d
-rw-r--r--  1 root root    1816 12월 27  2019 ethertypes
drwxr-xr-x  3 root root    4096  2월 23 12:58 firefox
drwxr-xr-x  4 root root    4096  2월 23 12:59 fonts
-rw-r--r--  1 root root      20  2월 25  2022 fprintd.conf
-rw-rw-r--  1 root root     665  3월 14 10:05 fstab
-rw-r--r--  1 root root     694  3월 23  2022 fuse.conf
drwxr-xr-x  3 root root    4096  2월 23 12:59 fwupd
-rw-r--r--  1 root root    2584  2월  3  2022 gai.conf
drwxr-xr-x  3 root root    4096  2월 23 12:59 gdb
drwxr-xr-x  8 root root    4096  3월 14 11:35 gdm3
drwxr-xr-x  2 root root    4096  2월 23 13:00 geoclue
drwxr-xr-x  4 root root    4096  2월 23 12:58 ghostscript
drwxr-xr-x  3 root root    4096  2월 23 12:58 glvnd
drwxr-xr-x  2 root root    4096  2월 23 12:59 gnome
drwxr-xr-x  2 root root    4096  2월 23 12:59 groff
-rw-r--r--  1 root root    1251  5월 30 09:38 group
-rw-r--r--  1 root root    1235  5월 30 09:25 group-
drwxr-xr-x  2 root root    4096  2월 23 13:02 grub.d
-rw-r-----  1 root shadow  1143  5월 30 09:38 gshadow
-rw-r-----  1 root shadow  1131  5월 30 09:25 gshadow-
drwxr-xr-x  3 root root    4096  2월 22  2022 gss
drwxr-xr-x  2 root root    4096  2월 23 12:59 gtk-2.0
drwxr-xr-x  2 root root    4096  2월 23 12:59 gtk-3.0
-rw-r--r--  1 root root    4436 12월 16  2020 hdparm.conf
-rw-r--r--  1 root root      92 10월 15  2021 host.conf
-rw-r--r--  1 root root       4  2월 23 13:01 hostid
-rw-r--r--  1 root root       7  3월 14 10:12 hostname
-rw-r--r--  1 root root     221  3월 14 10:12 hosts
-rw-r--r--  1 root root     411  2월 23 12:59 hosts.allow
-rw-r--r--  1 root root     711  2월 23 12:59 hosts.deny
drwxr-xr-x  2 root root    4096  2월 23 13:00 hp
drwxr-xr-x  3 root root    4096  2월 23 12:59 ifplugd
drwxr-xr-x  2 root root    4096  3월 14 10:36 init
drwxr-xr-x  2 root root    4096  5월 30 09:25 init.d
drwxr-xr-x  5 root root    4096  2월 23 12:59 initramfs-tools
-rw-r--r--  1 root root    1748  1월  7  2022 inputrc
drwxr-xr-x  2 root root    4096  2월 23 13:00 insserv.conf.d
drwxr-xr-x  2 root root    4096  2월 23 12:59 ipp-usb
drwxr-xr-x  4 root root    4096  2월 23 12:57 iproute2
-rw-r--r--  1 root root      26  2월 17 01:02 issue
-rw-r--r--  1 root root      19  2월 17 01:02 issue.net
drwxr-xr-x  6 root root    4096  2월 23 12:58 kernel
-rw-r--r--  1 root root     110  3월 14 10:35 kernel-img.conf
-rw-r--r--  1 root root    1308  3월 24  2022 kerneloops.conf
-rw-r--r--  1 root root   57035  5월 23 09:31 ld.so.cache
-rw-r--r--  1 root root      34 12월 16  2020 ld.so.conf
drwxr-xr-x  2 root root    4096  2월 23 12:57 ld.so.conf.d
drwxr-xr-x  2 root root    4096  2월 23 12:59 ldap
-rw-r--r--  1 root root     267 10월 15  2021 legal
-rw-r--r--  1 root root      27  3월 13  2022 libao.conf
-rw-r--r--  1 root root     191  3월 18  2022 libaudit.conf
drwxr-xr-x  3 root root    4096  2월 23 12:58 libblockdev
drwxr-xr-x  2 root root    4096  2월 23 12:59 libnl-3
drwxr-xr-x  2 root root    4096  3월 24  2022 libpaper.d
drwxr-xr-x  3 root root    4096  2월 23 12:59 libreoffice
-rw-r--r--  1 root root    2996  3월  4  2022 locale.alias
-rw-r--r--  1 root root    9454  3월 14 10:12 locale.gen
lrwxrwxrwx  1 root root      30  3월 14 10:26 localtime -> /usr/share/zoneinfo/Asia/Seoul
drwxr-xr-x  4 root root    4096  2월 23 12:58 logcheck
-rw-r--r--  1 root root   10734 11월 12  2021 login.defs
-rw-r--r--  1 root root     592  1월 25  2022 logrotate.conf
drwxr-xr-x  2 root root    4096  3월 14 10:36 logrotate.d
-rw-r--r--  1 root root     104  2월 17 01:02 lsb-release
-r--r--r--  1 root root      33  3월 14 10:57 machine-id
-rw-r--r--  1 root root     111  3월 25  2022 magic
-rw-r--r--  1 root root     111  3월 25  2022 magic.mime
-rw-r--r--  1 root root   37288  5월 23 10:33 mailcap
-rw-r--r--  1 root root     449 12월 11  2021 mailcap.order
-rw-r--r--  1 root root    5217  3월 18  2022 manpath.config
drwxr-xr-x  2 root root    4096  5월 23 09:31 mc
-rw-r--r--  1 root root   72029  3월 21  2022 mime.types
-rw-r--r--  1 root root     744  1월  9  2022 mke2fs.conf
drwxr-xr-x  2 root root    4096  2월 23 12:59 modprobe.d
-rw-r--r--  1 root root     195  2월 23 12:57 modules
drwxr-xr-x  2 root root    4096  3월 14 10:57 modules-load.d
lrwxrwxrwx  1 root root      19  3월 14 10:34 mtab -> ../proc/self/mounts
-rw-r--r--  1 root root   11204  2월  9  2022 nanorc
-rw-r--r--  1 root root     767  3월 25  2022 netconfig
drwxr-xr-x  2 root root    4096  2월 23 13:03 netplan
drwxr-xr-x  6 root root    4096  2월 23 12:59 network
drwxr-xr-x  8 root root    4096  2월 23 12:57 networkd-dispatcher
-rw-r--r--  1 root root      91 10월 15  2021 networks
drwxr-xr-x  2 root root    4096  2월 23 12:57 newt
-rwxr-xr-x  1 root root     228  3월 23  2022 nftables.conf
-rw-r--r--  1 root root     542  3월 14 10:36 nsswitch.conf
drwxr-xr-x  4 root root    4096  2월 23 12:59 openvpn
drwxr-xr-x  2 root root    4096  2월 23 12:57 opt
lrwxrwxrwx  1 root root      21  3월 14 10:06 os-release -> ../usr/lib/os-release
-rw-r--r--  1 root root     552  8월 12  2020 pam.conf
drwxr-xr-x  2 root root    4096  3월 21 09:19 pam.d
-rw-rw-r--  1 root root       3  3월 14 10:35 papersize
-rw-r--r--  1 root root    3317  5월 30 09:39 passwd
-rw-r--r--  1 root root    3314  5월 30 09:38 passwd-
drwxr-xr-x  2 root root    4096  2월 23 12:59 pcmcia
drwxr-xr-x  3 root root    4096  2월 23 12:58 perl
drwxr-xr-x  4 root root    4096  2월 23 12:58 pki
drwxr-xr-x  3 root root    4096  2월 23 12:58 pm
-rw-r--r--  1 root root    7649  2월 23 12:59 pnm2ppa.conf
drwxr-xr-x  4 root root    4096  2월 23 12:58 polkit-1
drwxr-xr-x  8 root dip     4096  2월 23 12:59 ppp
-rw-r--r--  1 root root     582 10월 15  2021 profile
drwxr-xr-x  2 root root    4096  2월 23 12:59 profile.d
-rw-r--r--  1 root root    2932  4월  2  2013 protocols
drwxr-xr-x  4 root root    4096  2월 23 13:00 pulse
drwxr-xr-x  2 root root    4096  2월 23 12:57 python3
drwxr-xr-x  2 root root    4096  2월 23 12:57 python3.10
drwxr-xr-x  2 root root    4096  5월 30 09:25 rc0.d
drwxr-xr-x  2 root root    4096  5월 30 09:25 rc1.d
drwxr-xr-x  2 root root    4096  5월 30 09:25 rc2.d
drwxr-xr-x  2 root root    4096  5월 30 09:25 rc3.d
drwxr-xr-x  2 root root    4096  5월 30 09:25 rc4.d
drwxr-xr-x  2 root root    4096  5월 30 09:25 rc5.d
drwxr-xr-x  2 root root    4096  5월 30 09:25 rc6.d
drwxr-xr-x  2 root root    4096  3월 14 10:36 rcS.d
lrwxrwxrwx  1 root root      39  3월 14 10:12 resolv.conf -> ../run/systemd/resolve/stub-resolv.conf
lrwxrwxrwx  1 root root      13  3월 14 10:06 rmt -> /usr/sbin/rmt
-rw-r--r--  1 root root     887  4월  2  2013 rpc
-rw-r--r--  1 root root    1382 12월 24  2021 rsyslog.conf
drwxr-xr-x  2 root root    4096  2월 23 12:59 rsyslog.d
-rw-r--r--  1 root root    5620  1월  9  2022 rygel.conf
drwxr-xr-x  3 root root    4096  2월 23 12:59 sane.d
drwxr-xr-x  4 root root    4096  2월 23 12:59 security
drwxr-xr-x  2 root root    4096  2월 23 12:57 selinux
drwxr-xr-x  2 root root    4096  2월 23 12:59 sensors.d
-rw-r--r--  1 root root   10593  4월  1  2022 sensors3.conf
-rw-r--r--  1 root root   12813  3월 28  2021 services
drwxr-xr-x  3 root root    4096  2월 23 13:00 sgml
-rw-r-----  1 root shadow  2277  5월 30 09:38 shadow
-rw-r-----  1 root shadow  2176  5월 30 09:25 shadow-
-rw-r--r--  1 root root     128  2월 23 12:57 shells
drwxr-xr-x  2 root root    4096  2월 23 12:57 skel
drwxr-xr-x  2 root root    4096  2월 23 12:59 snmp
drwxr-xr-x  4 root root    4096  2월 23 12:59 speech-dispatcher
drwxr-xr-x  3 root root    4096  2월 23 12:59 ssh
drwxr-xr-x  4 root root    4096  2월 23 12:57 ssl
-rw-r--r--  1 root root     167  5월 30 09:38 subgid
-rw-r--r--  1 root root     146  5월  2 11:45 subgid-
-rw-r--r--  1 root root     167  5월 30 09:38 subuid
-rw-r--r--  1 root root     146  5월  2 11:45 subuid-
-rw-r--r--  1 root root    4573  2월 14  2022 sudo.conf
-rw-r--r--  1 root root    9390  2월 14  2022 sudo_logsrvd.conf
-r--r-----  1 root root    1671  2월  8  2022 sudoers
drwxr-xr-x  2 root root    4096  3월 14 10:36 sudoers.d
-rw-r--r--  1 root root    2355  2월 25  2022 sysctl.conf
drwxr-xr-x  2 root root    4096  3월 14 10:57 sysctl.d
drwxr-xr-x  5 root root    4096  3월 14 10:57 systemd
drwxr-xr-x  2 root root    4096  2월 23 12:57 terminfo
drwxr-xr-x  2 root root    4096  2월 23 12:59 thermald
drwxr-xr-x  2 root root    4096  3월 14 10:34 thunderbird
-rw-r--r--  1 root root      11  3월 14 10:26 timezone
drwxr-xr-x  2 root root    4096  4월  8  2022 tmpfiles.d
drwxr-xr-x  2 root root    4096  2월 23 12:57 ubuntu-advantage
-rw-r--r--  1 root root    1260  6월 16  2020 ucf.conf
drwxr-xr-x  4 root root    4096  3월 14 10:57 udev
drwxr-xr-x  2 root root    4096  2월 23 12:59 udisks2
drwxr-xr-x  3 root root    4096  2월 23 12:59 ufw
drwxr-xr-x  3 root root    4096  2월 23 12:59 update-manager
drwxr-xr-x  2 root root    4096  2월 23 12:59 update-motd.d
drwxr-xr-x  2 root root    4096  1월 21 03:50 update-notifier
-rw-r--r--  1 root root    1523  3월 25  2022 usb_modeswitch.conf
drwxr-xr-x  2 root root    4096  9월  6  2021 usb_modeswitch.d
drwxr-xr-x  2 root root    4096  2월 23 12:57 vim
drwxr-xr-x  4 root root    4096  3월 14 10:57 vmware-tools
lrwxrwxrwx  1 root root      23  3월 14 10:06 vtrgb -> /etc/alternatives/vtrgb
drwxr-xr-x  5 root root    4096  2월 23 12:58 vulkan
-rw-r--r--  1 root root    4942  1월 24  2022 wgetrc
drwxr-xr-x  2 root root    4096  2월 23 12:59 wpa_supplicant
-rw-r--r--  1 root root     681  3월 23  2022 xattr.conf
drwxr-xr-x  6 root root    4096  2월 23 12:58 xdg
-rw-r--r--  1 root root     289  2월  6  2018 xinetd.conf
drwxr-xr-x  2 root root    4096  5월 30 09:34 xinetd.d
drwxr-xr-x  2 root root    4096  2월 23 13:00 xml
-rw-r--r--  1 root root     460 12월  8  2021 zsh_command_not_found
root@server:/etc# cd/ etc/xinetd.d
bash: cd/: 그런 파일이나 디렉터리가 없습니다
root@server:/etc# cd /etc/xinetd.d
root@server:/etc/xinetd.d# cd ..
root@server:/etc# cd apt
root@server:/etc/apt# nano sources.list
root@server:/etc/apt# apt-get update
받기:1 http://mirror.kakao.com/ubuntu bionic InRelease [242 kB]
받기:2 https://dl.google.com/linux/chrome/deb stable InRelease [1,825 B]       
받기:3 http://mirror.kakao.com/ubuntu bionic/main amd64 Packages [1,019 kB]    
받기:4 http://mirror.kakao.com/ubuntu bionic/main i386 Packages [1,007 kB]     
받기:5 http://mirror.kakao.com/ubuntu bionic/main Translation-en [516 kB]      
받기:6 https://dl.google.com/linux/chrome/deb stable/main amd64 Packages [1,075 B]
받기:7 http://mirror.kakao.com/ubuntu bionic/main Translation-ko [215 kB]      
받기:8 http://mirror.kakao.com/ubuntu bionic/main amd64 DEP-11 Metadata [477 kB]
받기:9 http://mirror.kakao.com/ubuntu bionic/main DEP-11 48x48 Icons [118 kB]  
받기:10 http://mirror.kakao.com/ubuntu bionic/main DEP-11 64x64 Icons [245 kB] 
받기:11 http://mirror.kakao.com/ubuntu bionic/main DEP-11 64x64@2 Icons [29 B] 
받기:12 http://mirror.kakao.com/ubuntu bionic/universe i386 Packages [8,531 kB]
받기:13 http://kr.archive.ubuntu.com/ubuntu bionic-updates InRelease [88.7 kB] 
받기:14 http://mirror.kakao.com/ubuntu bionic/universe amd64 Packages [8,570 kB]
받기:15 http://kr.archive.ubuntu.com/ubuntu bionic-updates/main amd64 Packages [3,008 kB]
받기:16 http://mirror.kakao.com/ubuntu bionic/universe Translation-en [4,941 kB]
받기:17 http://mirror.kakao.com/ubuntu bionic/universe Translation-ko [458 kB] 
받기:18 http://mirror.kakao.com/ubuntu bionic/universe amd64 DEP-11 Metadata [3,287 kB]
받기:19 http://mirror.kakao.com/ubuntu bionic/universe DEP-11 48x48 Icons [2,151 kB]
받기:20 http://mirror.kakao.com/ubuntu bionic/universe DEP-11 64x64 Icons [8,420 kB]
받기:21 http://kr.archive.ubuntu.com/ubuntu bionic-updates/main i386 Packages [1,650 kB]
받기:22 http://mirror.kakao.com/ubuntu bionic/universe DEP-11 64x64@2 Icons [29 B]
받기:23 http://mirror.kakao.com/ubuntu bionic/multiverse i386 Packages [144 kB]
받기:24 http://mirror.kakao.com/ubuntu bionic/multiverse amd64 Packages [151 kB]
받기:25 http://mirror.kakao.com/ubuntu bionic/multiverse Translation-en [108 kB]
받기:26 http://mirror.kakao.com/ubuntu bionic/multiverse Translation-ko [492 B]
받기:27 http://mirror.kakao.com/ubuntu bionic/multiverse amd64 DEP-11 Metadata [49.7 kB]
받기:28 http://mirror.kakao.com/ubuntu bionic/multiverse DEP-11 48x48 Icons [8,931 B]
받기:29 http://mirror.kakao.com/ubuntu bionic/multiverse DEP-11 64x64 Icons [225 kB]
받기:30 http://mirror.kakao.com/ubuntu bionic/multiverse DEP-11 64x64@2 Icons [29 B]
받기:31 http://mirror.kakao.com/ubuntu bionic/restricted amd64 Packages [9,184 B]
받기:32 http://mirror.kakao.com/ubuntu bionic/restricted i386 Packages [9,156 B]
받기:33 http://mirror.kakao.com/ubuntu bionic/restricted Translation-ko [308 B]
받기:34 http://mirror.kakao.com/ubuntu bionic/restricted Translation-en [3,584 B]
받기:35 http://kr.archive.ubuntu.com/ubuntu bionic-updates/main Translation-en [548 kB]
받기:36 http://kr.archive.ubuntu.com/ubuntu bionic-updates/main amd64 DEP-11 Metadata [296 kB]
받기:37 http://kr.archive.ubuntu.com/ubuntu bionic-updates/main DEP-11 48x48 Icons [83.0 kB]
받기:38 http://kr.archive.ubuntu.com/ubuntu bionic-updates/main DEP-11 64x64 Icons [154 kB]
받기:39 http://kr.archive.ubuntu.com/ubuntu bionic-updates/main DEP-11 64x64@2 Icons [29 B]
받기:40 http://kr.archive.ubuntu.com/ubuntu bionic-updates/universe i386 Packages [1,661 kB]
받기:41 http://kr.archive.ubuntu.com/ubuntu bionic-updates/universe amd64 Packages [1,905 kB]
받기:42 http://kr.archive.ubuntu.com/ubuntu bionic-updates/universe Translation-en [419 kB]
받기:43 http://kr.archive.ubuntu.com/ubuntu bionic-updates/universe amd64 DEP-11 Metadata [303 kB]
받기:44 http://kr.archive.ubuntu.com/ubuntu bionic-updates/universe DEP-11 48x48 Icons [237 kB]
받기:45 http://kr.archive.ubuntu.com/ubuntu bionic-updates/universe DEP-11 64x64 Icons [521 kB]
받기:46 http://kr.archive.ubuntu.com/ubuntu bionic-updates/universe DEP-11 64x64@2 Icons [29 B]
받기:47 http://kr.archive.ubuntu.com/ubuntu bionic-updates/multiverse i386 Packages [11.2 kB]
받기:48 http://kr.archive.ubuntu.com/ubuntu bionic-updates/multiverse amd64 Packages [25.6 kB]
받기:49 http://kr.archive.ubuntu.com/ubuntu bionic-updates/multiverse Translation-en [6,088 B]
받기:50 http://kr.archive.ubuntu.com/ubuntu bionic-updates/multiverse amd64 DEP-11 Metadata [2,468 B]
받기:51 http://kr.archive.ubuntu.com/ubuntu bionic-updates/multiverse DEP-11 48x48 Icons [29 B]
받기:52 http://kr.archive.ubuntu.com/ubuntu bionic-updates/multiverse DEP-11 64x64 Icons [2,638 B]
받기:53 http://kr.archive.ubuntu.com/ubuntu bionic-updates/multiverse DEP-11 64x64@2 Icons [29 B]
받기:54 http://kr.archive.ubuntu.com/ubuntu bionic-updates/restricted amd64 Packages [1,300 kB]
받기:55 http://kr.archive.ubuntu.com/ubuntu bionic-updates/restricted i386 Packages [39.7 kB]
받기:56 http://kr.archive.ubuntu.com/ubuntu bionic-updates/restricted Translation-en [180 kB]
내려받기 53.4 M바이트, 소요시간 10초 (5,105 k바이트/초)                        
패키지 목록을 읽는 중입니다... 완료
W: http://ftp.daumkakao.com/ubuntu/dists/bionic/InRelease: Key is stored in legacy trusted.gpg keyring (/etc/apt/trusted.gpg), see the DEPRECATION section in apt-key(8) for details.
W: http://kr.archive.ubuntu.com/ubuntu/dists/bionic-updates/InRelease: Key is stored in legacy trusted.gpg keyring (/etc/apt/trusted.gpg), see the DEPRECATION section in apt-key(8) for details.
root@server:/etc/apt# apt-get -y install openssh-server
패키지 목록을 읽는 중입니다... 완료
의존성 트리를 만드는 중입니다... 완료
상태 정보를 읽는 중입니다... 완료        
몇몇 패키지를 설치할 수 없습니다. 요청한 상황이 불가능할 수도 있고,
불안정 배포판을 사용해서 일부 필요한 패키지를 아직 만들지 않았거나,
아직 Incoming에서 나오지 않은 경우일 수도 있습니다.
이 상황을 해결하는데 다음 정보가 도움이 될 수도 있습니다:

다음 패키지의 의존성이 맞지 않습니다:
 apt : 의존: gpgv 혹은
               gpgv2 하지만 %s 패키지를 설치하지 않을 것입니다 혹은
               gpgv1
       의존: libapt-pkg6.0 (>= 2.4.8) 하지만 %s 패키지를 설치하지 않을 것입니다
 dpkg : 미리의존: zlib1g (>= 1:1.1.4) 하지만 설치할 수 없습니다
 libbsd0:i386 : 의존: libc6:i386 (>= 2.25) 하지만 설치할 수 없습니다
 libc6 : 망가뜨림: openssh-server (< 1:8.2p1-4)
         망가뜨림: openssh-server:i386 (< 1:8.2p1-4)
         추천: libnss-nis 하지만 설치할 수 없습니다
         추천: libnss-nisplus 하지만 설치할 수 없습니다
 libedit2:i386 : 의존: libc6:i386 (>= 2.17) 하지만 설치할 수 없습니다
 libssl1.0.0:i386 : 의존: libc6:i386 (>= 2.7) 하지만 설치할 수 없습니다
 libtinfo5:i386 : 의존: libc6:i386 (>= 2.16) 하지만 설치할 수 없습니다
 openssh-client:i386 : 의존: libc6:i386 (>= 2.26) 하지만 설치할 수 없습니다
                       의존: libgssapi-krb5-2:i386 (>= 1.14+dfsg) 하지만 설치할 수 없습니다
                       의존: libselinux1:i386 (>= 1.32) 하지만 설치할 수 없습니다
                       추천: xauth:i386
 openssh-server : 의존: zlib1g (>= 1:1.1.4) 하지만 설치할 수 없습니다
                  추천: xauth
                  추천: ssh-import-id 하지만 %s 패키지를 설치하지 않을 것입니다
 shim-signed : 의존: grub-efi-amd64-signed (>= 1.187.2~) 하지만 %s 패키지를 설치하지 않을 것입니다 혹은
                       grub-efi-arm64-signed (>= 1.187.2~) 하지만 설치할 수 없습니다
               의존: grub2-common (>= 2.04-1ubuntu24)
 util-linux : 미리의존: zlib1g (>= 1:1.1.4) 하지만 설치할 수 없습니다
 zlib1g:i386 : 의존: libc6:i386 (>= 2.4) 하지만 설치할 수 없습니다
E: 오류, pkgProblemResolver::Resolve가 망가졌습니다. 고정 패키지때문에 발생할 수도 있습니다.
root@server:/etc/apt# 
